// Jest Snapshot v1, https://goo.gl/fbAQLP

exports[`SignUp matches the snapshot 1`] = `
<DocumentFragment>
  .c0 {
  width: 100%;
  height: 100%;
  border: red solid 1px;
}

.c1 {
  display: -webkit-box;
  display: -webkit-flex;
  display: -ms-flexbox;
  display: flex;
  -webkit-flex-direction: column;
  -ms-flex-direction: column;
  flex-direction: column;
  -webkit-box-pack: auto;
  -webkit-justify-content: auto;
  -ms-flex-pack: auto;
  justify-content: auto;
  -webkit-align-items: auto;
  -webkit-box-align: auto;
  -ms-flex-align: auto;
  align-items: auto;
  border: red solid 1px;
}

.c2 {
  margin: 0;
  padding: 0;
  text-align: center;
}

.c3 {
  color: red;
}

.c4 {
  outline: none;
}

.c5 {
  outline: none;
}

.c6 {
  outline: none;
}

.c7 {
  outline: none;
}

<div
    class="c0"
  >
    <form
      class="c1"
    >
      <h1
        class="c2"
        data-testid="title"
      >
        Sign Up
      </h1>
      <div
        class="c3"
        data-testid="error-message"
      />
      <input
        class="c4"
        data-testid="username-field"
        placeholder="Username"
        required=""
      />
      <input
        class="c5"
        data-testid="email-field"
        placeholder="Email"
        required=""
        type="email"
      />
      <input
        class="c6"
        data-testid="password-field"
        placeholder="Password"
        required=""
        type="password"
      />
      <input
        class="c7"
        data-testid="password-confirmation-field"
        placeholder="Confirm Password"
        required=""
        type="password"
      />
      <button
        class=""
        data-testid="submit-button"
        disabled=""
        type="submit"
      >
        Sign Up
      </button>
    </form>
  </div>
</DocumentFragment>
`;
